c:\users\pc00\desktop\github-0424\chapter4\chapter4\x64\debug\vc143.pdb
c:\users\pc00\desktop\github-0424\chapter4\chapter4\x64\debug\vc143.idb
c:\users\pc00\desktop\github-0424\chapter4\chapter4\x64\debug\4-9.obj
c:\users\pc00\desktop\github-0424\chapter4\chapter4\x64\debug\4-8.obj
c:\users\pc00\desktop\github-0424\chapter4\chapter4\x64\debug\4-7.obj
c:\users\pc00\desktop\github-0424\chapter4\chapter4\x64\debug\4-6.obj
c:\users\pc00\desktop\github-0424\chapter4\chapter4\x64\debug\4-5.obj
c:\users\pc00\desktop\github-0424\chapter4\chapter4\x64\debug\4-4.obj
c:\users\pc00\desktop\github-0424\chapter4\chapter4\x64\debug\4-3.obj
c:\users\pc00\desktop\github-0424\chapter4\chapter4\x64\debug\4-2.obj
c:\users\pc00\desktop\github-0424\chapter4\chapter4\x64\debug\4-12.obj
c:\users\pc00\desktop\github-0424\chapter4\chapter4\x64\debug\4-11.obj
c:\users\pc00\desktop\github-0424\chapter4\chapter4\x64\debug\4-10.obj
c:\users\pc00\desktop\github-0424\chapter4\chapter4\x64\debug\4-1.obj
c:\users\pc00\desktop\github-0424\chapter4\chapter4\x64\debug\4-13.obj
c:\users\pc00\desktop\github-0424\chapter4\x64\debug\chapter4.exe
c:\users\pc00\desktop\github-0424\chapter4\x64\debug\chapter4.pdb
c:\users\pc00\desktop\github-0424\chapter4\chapter4\x64\debug\chapter4.ilk
c:\users\pc00\desktop\github-0424\chapter4\chapter4\x64\debug\4-3-1.obj
c:\users\pc00\desktop\github-0424\chapter4\chapter4\x64\debug\ex4-9.obj
c:\users\pc00\desktop\github-0424\chapter4\chapter4\x64\debug\4-12.obj.enc
c:\users\pc00\desktop\github-0424\chapter4\chapter4\x64\debug\4-13.obj.enc
c:\users\pc00\desktop\github-0424\chapter4\chapter4\x64\debug\4-6.obj.enc
c:\users\pc00\desktop\github-0424\chapter4\chapter4\x64\debug\chapter4.tlog\cl.command.1.tlog
c:\users\pc00\desktop\github-0424\chapter4\chapter4\x64\debug\chapter4.tlog\cl.items.tlog
c:\users\pc00\desktop\github-0424\chapter4\chapter4\x64\debug\chapter4.tlog\cl.read.1.tlog
c:\users\pc00\desktop\github-0424\chapter4\chapter4\x64\debug\chapter4.tlog\cl.write.1.tlog
c:\users\pc00\desktop\github-0424\chapter4\chapter4\x64\debug\chapter4.tlog\link.command.1.tlog
c:\users\pc00\desktop\github-0424\chapter4\chapter4\x64\debug\chapter4.tlog\link.read.1.tlog
c:\users\pc00\desktop\github-0424\chapter4\chapter4\x64\debug\chapter4.tlog\link.secondary.1.tlog
c:\users\pc00\desktop\github-0424\chapter4\chapter4\x64\debug\chapter4.tlog\link.write.1.tlog
